<area shape="rect" href="$classTiXmlDocument.html#4c852a889c02cf251117fd1d9fe1845f" title="TiXmlDocument::LoadFile" alt="" coords="236,19,417,45">
<area shape="rect" href="$classTiXmlDocument.html#735c23e318597b920c94eae77fa206de" title="TiXmlDocument::SetError" alt="" coords="235,81,419,108">
<area shape="rect" href="$tinyxml_8cpp.html#ae316d26cdf72c45de918553b2c61e20" title="TiXmlFOpen" alt="" coords="279,132,375,159">
<area shape="rect" href="$classTiXmlNode.html#77943eb90d12c2892b1337a9f5918b41" title="TiXmlNode::Value" alt="" coords="493,5,624,32">
<area shape="rect" href="$structTiXmlCursor.html#1e6fa622b59dafb71b6efe595105dcdd" title="TiXmlCursor::Clear" alt="" coords="489,56,628,83">
<area shape="rect" href="$classTiXmlParsingData.html#56908a17d7d7a6b2e511e62cf1d40d05" title="TiXmlParsingData::Cursor" alt="" coords="468,107,649,133">
<area shape="rect" href="$classTiXmlParsingData.html#65cee8ab77a36c605db08c84b4c30a7d" title="TiXmlParsingData::Stamp" alt="" coords="467,157,651,184">
