<area shape="rect" href="$classTiXmlNode.html#4508cc3a2d7a98e96a54cc09c37a78a4" title="TiXmlNode::Clone" alt="" coords="247,5,380,32">
<area shape="rect" href="$classTiXmlNode.html#b6056978923ad8350fb5164af32d8038" title="TiXmlNode::CopyTo" alt="" coords="243,56,384,83">
<area shape="rect" href="$classTiXmlAttributeSet.html#e0636e88cedd4b09d61c451860f68598" title="TiXmlAttributeSet::First" alt="" coords="229,107,397,133">
<area shape="rect" href="$classTiXmlNode.html#1a881212554b759865f6cac79a851d38" title="TiXmlNode::LinkEndChild" alt="" coords="225,157,401,184">
<area shape="rect" href="$classTiXmlAttribute.html#298a57287d305904ba6bd96ae6f78d3d" title="Return the name of this attribute." alt="" coords="968,233,1125,260">
<area shape="rect" href="$classTiXmlAttribute.html#776478980776a024f7c2846eec640f65" title="Get the next sibling attribute in the DOM. Returns null at end." alt="" coords="239,259,388,285">
<area shape="rect" href="$classTiXmlNode.html#f854baeba384f5fe9859f5aee03b548e" title="Navigate to a sibling node." alt="" coords="229,309,397,336">
<area shape="rect" href="$classTiXmlElement.html#bf0b3bd7f0e4c746a89ec6e7f101fc32" title="TiXmlElement::SetAttribute" alt="" coords="216,360,411,387">
<area shape="rect" href="$classTiXmlAttribute.html#0f874490eac8ca00ee0070765d0e97e3" title="Return the value of this attribute." alt="" coords="236,411,391,437">
<area shape="rect" href="$classTiXmlNode.html#2a38329ca5d3f28f98ce932b8299ae90" title="TiXmlNode::SetValue" alt="" coords="493,5,648,32">
<area shape="rect" href="$classTiXmlNode.html#a66f4ebcd175204a168ed7c2d7b43071" title="TiXmlNode::GetDocument" alt="" coords="477,56,664,83">
<area shape="rect" href="$classTiXmlDocument.html#735c23e318597b920c94eae77fa206de" title="TiXmlDocument::SetError" alt="" coords="479,107,663,133">
<area shape="rect" href="$classTiXmlNode.html#57b99d5c97d67a42b9752f5210a1ba5e" title="TiXmlNode::Type" alt="" coords="508,157,633,184">
<area shape="rect" href="$classTiXmlNode.html#8a4cda4b15c29f64cff419309aebed08" title="Cast to a more defined type. Will return null if not of the requested type." alt="" coords="735,5,911,32">
<area shape="rect" href="$structTiXmlCursor.html#1e6fa622b59dafb71b6efe595105dcdd" title="TiXmlCursor::Clear" alt="" coords="753,56,892,83">
<area shape="rect" href="$classTiXmlParsingData.html#56908a17d7d7a6b2e511e62cf1d40d05" title="TiXmlParsingData::Cursor" alt="" coords="732,107,913,133">
<area shape="rect" href="$classTiXmlParsingData.html#65cee8ab77a36c605db08c84b4c30a7d" title="TiXmlParsingData::Stamp" alt="" coords="731,157,915,184">
<area shape="rect" href="$classTiXmlAttributeSet.html#5e28f5d32f048fba85d04dc317495bdc" title="TiXmlAttributeSet::FindOrCreate" alt="" coords="459,309,683,336">
<area shape="rect" href="$classTiXmlAttribute.html#2dae44178f668b3cb48101be4f2236a0" title="Set the value." alt="" coords="483,360,659,387">
<area shape="rect" href="$classTiXmlAttributeSet.html#745e50ddaae3bee93e4589321e0b9c1a" title="TiXmlAttributeSet::Add" alt="" coords="740,259,905,285">
<area shape="rect" href="$classTiXmlAttributeSet.html#f3675cc2bfd0aea153cda1cfcdd1f77e" title="TiXmlAttributeSet::Find" alt="" coords="964,284,1129,311">
<area shape="rect" href="$classTiXmlAttribute.html#b7fa3d21ff8d7c5764cf9af15b667a99" title="Set the name of this attribute." alt="" coords="733,360,912,387">
