<area shape="rect" href="$classTiXmlText.html#1c120428e3b3cf24d79706e6d2b65aa6" title="TiXmlText::Blank" alt="" coords="303,107,425,133">
<area shape="rect" href="$classTiXmlNode.html#a66f4ebcd175204a168ed7c2d7b43071" title="TiXmlNode::GetDocument" alt="" coords="540,512,727,539">
<area shape="rect" href="$classTiXmlNode.html#c1e3a8e7578be463b04617786120c2bb" title="TiXmlNode::Identify" alt="" coords="561,56,705,83">
<area shape="rect" href="$classTiXmlBase.html#c0c3d66d8a9e6996a1fa016275e16875" title="TiXmlBase::SkipWhiteSpace" alt="" coords="776,157,973,184">
<area shape="rect" href="$classTiXmlBase.html#51631e6986179558b9e5850723ed165a" title="TiXmlBase::StringEqual" alt="" coords="791,309,959,336">
<area shape="rect" href="$classTiXmlBase.html#d4b1472531c647a25b1840a87ae42438" title="Return the current white space setting." alt="" coords="239,563,489,589">
<area shape="rect" href="$classTiXmlNode.html#1a881212554b759865f6cac79a851d38" title="TiXmlNode::LinkEndChild" alt="" coords="276,461,452,488">
<area shape="rect" href="$classTiXmlDocument.html#735c23e318597b920c94eae77fa206de" title="TiXmlDocument::SetError" alt="" coords="541,461,725,488">
<area shape="rect" href="$classTiXmlBase.html#00e4edb0219d00a1379c856e5a1d2025" title="TiXmlBase::Parse" alt="" coords="299,613,429,640">
<area shape="rect" href="$classTiXmlText.html#8d2dcfa41fc73d3e62dacc2fcf633819" title="TiXmlText::Parse" alt="" coords="303,360,425,387">
<area shape="rect" href="$classTiXmlBase.html#f56296d561c0bab4bc8e198cdcf5c48e" title="TiXmlBase::IsWhiteSpace" alt="" coords="1023,157,1201,184">
<area shape="rect" href="$classTiXmlNode.html#8a4cda4b15c29f64cff419309aebed08" title="Cast to a more defined type. Will return null if not of the requested type." alt="" coords="787,512,963,539">
<area shape="rect" href="$classTiXmlBase.html#e22522b2e8e1ac43102d16394f639fc8" title="TiXmlBase::IsAlpha" alt="" coords="804,5,945,32">
<area shape="rect" href="$classTiXmlText.html#cb17ff7c5d09b2c839393445a3de5ea9" title="Turns on or off a CDATA representation of text." alt="" coords="799,56,951,83">
<area shape="rect" href="$classTiXmlBase.html#799f17405a86a5c2029618e85f11a097" title="TiXmlBase::ToLower" alt="" coords="1040,309,1184,336">
<area shape="rect" href="$classTiXmlNode.html#57b99d5c97d67a42b9752f5210a1ba5e" title="TiXmlNode::Type" alt="" coords="571,563,696,589">
<area shape="rect" href="$structTiXmlCursor.html#1e6fa622b59dafb71b6efe595105dcdd" title="TiXmlCursor::Clear" alt="" coords="805,461,944,488">
<area shape="rect" href="$classTiXmlParsingData.html#56908a17d7d7a6b2e511e62cf1d40d05" title="TiXmlParsingData::Cursor" alt="" coords="784,360,965,387">
<area shape="rect" href="$classTiXmlParsingData.html#65cee8ab77a36c605db08c84b4c30a7d" title="TiXmlParsingData::Stamp" alt="" coords="783,411,967,437">
<area shape="rect" href="$classTiXmlBase.html#a646c74921aa33156968b802bbf5566e" title="TiXmlBase::ReadText" alt="" coords="557,208,709,235">
<area shape="rect" href="$classTiXmlBase.html#5b0fde72d6f662ae1fd6303195d2159b" title="TiXmlBase::GetChar" alt="" coords="801,259,948,285">
<area shape="rect" href="$classTiXmlBase.html#c5c08bf3deffcda0bf8ce2958372b584" title="TiXmlBase::GetEntity" alt="" coords="1035,259,1189,285">
<area shape="rect" href="$classTiXmlBase.html#07c765e3a7f979d343e646ea797b180b" title="TiXmlBase::ConvertUTF32ToUTF8" alt="" coords="1252,259,1481,285">
