<area shape="rect" href="$classFenetre.html#d42fcd7c361ecd33f793591994734756" title="Nouvelle Fenetre Cree la fenêtre qui contiendra le jeu et l&#39;affiche à l&#39;écran..." alt="" coords="108,81,263,108">
<area shape="rect" href="$classFenetre.html#c627282fa24cd821bf6383654d4d6ae6" title="Tout dessiner Dessine tous les objets affichables." alt="" coords="312,81,453,108">
<area shape="rect" href="$classSol.html#8fd8775712cb59ad3ad6e471e95d3556" title="Dessiner." alt="" coords="636,107,716,133">
<area shape="rect" href="$classSilo.html#77ae6df45d653ae2b8329a474c6eb7c0" title="Dessiner." alt="" coords="503,56,585,83">
<area shape="rect" href="$classCoordonnees.html#52f2f1068d4c561598dc9f9234feccfd" title="getX" alt="" coords="765,95,909,121">
<area shape="rect" href="$classCoordonnees.html#9fe9ff950cf5aee4778527854bc34e27" title="getY" alt="" coords="767,19,908,45">
<area shape="rect" href="$classSilo.html#64891e654625bdbffff14a64ea4b2390" title="getX" alt="" coords="636,56,716,83">
<area shape="rect" href="$classSilo.html#abad72bfb91f39117c179be517b9689a" title="getY" alt="" coords="636,5,716,32">
