<area shape="rect" href="$classTiXmlParsingData.html#56908a17d7d7a6b2e511e62cf1d40d05" title="TiXmlParsingData::Cursor" alt="" coords="448,360,629,387">
<area shape="rect" href="$classTiXmlBase.html#f56296d561c0bab4bc8e198cdcf5c48e" title="TiXmlBase::IsWhiteSpace" alt="" coords="687,157,865,184">
<area shape="rect" href="$classTiXmlBase.html#1c21a6ab5f7b503acd91f35f183734b3" title="TiXmlBase::ReadName" alt="" coords="217,56,383,83">
<area shape="rect" href="$classTiXmlBase.html#a646c74921aa33156968b802bbf5566e" title="TiXmlBase::ReadText" alt="" coords="224,247,376,273">
<area shape="rect" href="$classTiXmlBase.html#c0c3d66d8a9e6996a1fa016275e16875" title="TiXmlBase::SkipWhiteSpace" alt="" coords="440,157,637,184">
<area shape="rect" href="$classTiXmlDocument.html#735c23e318597b920c94eae77fa206de" title="TiXmlDocument::SetError" alt="" coords="208,372,392,399">
<area shape="rect" href="$classTiXmlParsingData.html#65cee8ab77a36c605db08c84b4c30a7d" title="TiXmlParsingData::Stamp" alt="" coords="447,461,631,488">
<area shape="rect" href="$classTiXmlBase.html#e22522b2e8e1ac43102d16394f639fc8" title="TiXmlBase::IsAlpha" alt="" coords="468,5,609,32">
<area shape="rect" href="$classTiXmlBase.html#321919055c115c78ded17f85a793f368" title="TiXmlBase::IsAlphaNum" alt="" coords="453,56,624,83">
<area shape="rect" href="$classTiXmlBase.html#5b0fde72d6f662ae1fd6303195d2159b" title="TiXmlBase::GetChar" alt="" coords="465,309,612,336">
<area shape="rect" href="$classTiXmlBase.html#51631e6986179558b9e5850723ed165a" title="TiXmlBase::StringEqual" alt="" coords="455,259,623,285">
<area shape="rect" href="$classTiXmlBase.html#c5c08bf3deffcda0bf8ce2958372b584" title="TiXmlBase::GetEntity" alt="" coords="699,309,853,336">
<area shape="rect" href="$classTiXmlBase.html#07c765e3a7f979d343e646ea797b180b" title="TiXmlBase::ConvertUTF32ToUTF8" alt="" coords="916,309,1145,336">
<area shape="rect" href="$classTiXmlBase.html#799f17405a86a5c2029618e85f11a097" title="TiXmlBase::ToLower" alt="" coords="704,259,848,285">
<area shape="rect" href="$structTiXmlCursor.html#1e6fa622b59dafb71b6efe595105dcdd" title="TiXmlCursor::Clear" alt="" coords="469,411,608,437">
