<area shape="rect" href="$classTiXmlParsingData.html#56908a17d7d7a6b2e511e62cf1d40d05" title="TiXmlParsingData::Cursor" alt="" coords="463,56,644,83">
<area shape="rect" href="$classTiXmlNode.html#a66f4ebcd175204a168ed7c2d7b43071" title="TiXmlNode::GetDocument" alt="" coords="221,5,408,32">
<area shape="rect" href="$classTiXmlDocument.html#735c23e318597b920c94eae77fa206de" title="TiXmlDocument::SetError" alt="" coords="223,107,407,133">
<area shape="rect" href="$classTiXmlParsingData.html#65cee8ab77a36c605db08c84b4c30a7d" title="TiXmlParsingData::Stamp" alt="" coords="461,157,645,184">
<area shape="rect" href="$classTiXmlBase.html#c0c3d66d8a9e6996a1fa016275e16875" title="TiXmlBase::SkipWhiteSpace" alt="" coords="216,208,413,235">
<area shape="rect" href="$classTiXmlBase.html#51631e6986179558b9e5850723ed165a" title="TiXmlBase::StringEqual" alt="" coords="231,259,399,285">
<area shape="rect" href="$classTiXmlNode.html#8a4cda4b15c29f64cff419309aebed08" title="Cast to a more defined type. Will return null if not of the requested type." alt="" coords="465,5,641,32">
<area shape="rect" href="$structTiXmlCursor.html#1e6fa622b59dafb71b6efe595105dcdd" title="TiXmlCursor::Clear" alt="" coords="484,107,623,133">
<area shape="rect" href="$classTiXmlBase.html#f56296d561c0bab4bc8e198cdcf5c48e" title="TiXmlBase::IsWhiteSpace" alt="" coords="464,208,643,235">
<area shape="rect" href="$classTiXmlBase.html#799f17405a86a5c2029618e85f11a097" title="TiXmlBase::ToLower" alt="" coords="481,259,625,285">
