<area shape="rect" href="$classTiXmlNode.html#708e7f953df61d4d2d12f73171550a4b" title="Delete all the children of this node. Does not affect &#39;this&#39;." alt="" coords="273,31,404,57">
<area shape="rect" href="$classTiXmlDocument.html#f69deeb984e060bd00f668460dec8ef2" title="TiXmlDocument::CopyTo" alt="" coords="251,81,427,108">
<area shape="rect" href="$classTiXmlNode.html#4508cc3a2d7a98e96a54cc09c37a78a4" title="TiXmlNode::Clone" alt="" coords="497,5,631,32">
<area shape="rect" href="$classTiXmlNode.html#b6056978923ad8350fb5164af32d8038" title="TiXmlNode::CopyTo" alt="" coords="493,56,635,83">
<area shape="rect" href="$classTiXmlNode.html#1a881212554b759865f6cac79a851d38" title="TiXmlNode::LinkEndChild" alt="" coords="476,107,652,133">
<area shape="rect" href="$classTiXmlNode.html#f854baeba384f5fe9859f5aee03b548e" title="Navigate to a sibling node." alt="" coords="480,157,648,184">
<area shape="rect" href="$classTiXmlNode.html#2a38329ca5d3f28f98ce932b8299ae90" title="TiXmlNode::SetValue" alt="" coords="719,31,873,57">
<area shape="rect" href="$classTiXmlNode.html#a66f4ebcd175204a168ed7c2d7b43071" title="TiXmlNode::GetDocument" alt="" coords="703,81,889,108">
<area shape="rect" href="$classTiXmlDocument.html#735c23e318597b920c94eae77fa206de" title="TiXmlDocument::SetError" alt="" coords="704,132,888,159">
<area shape="rect" href="$classTiXmlNode.html#57b99d5c97d67a42b9752f5210a1ba5e" title="TiXmlNode::Type" alt="" coords="733,183,859,209">
<area shape="rect" href="$classTiXmlNode.html#8a4cda4b15c29f64cff419309aebed08" title="Cast to a more defined type. Will return null if not of the requested type." alt="" coords="943,56,1119,83">
<area shape="rect" href="$structTiXmlCursor.html#1e6fa622b59dafb71b6efe595105dcdd" title="TiXmlCursor::Clear" alt="" coords="961,107,1100,133">
<area shape="rect" href="$classTiXmlParsingData.html#56908a17d7d7a6b2e511e62cf1d40d05" title="TiXmlParsingData::Cursor" alt="" coords="940,157,1121,184">
<area shape="rect" href="$classTiXmlParsingData.html#65cee8ab77a36c605db08c84b4c30a7d" title="TiXmlParsingData::Stamp" alt="" coords="939,208,1123,235">
