<area shape="rect" href="$classTiXmlParsingData.html#56908a17d7d7a6b2e511e62cf1d40d05" title="TiXmlParsingData::Cursor" alt="" coords="704,19,885,45">
<area shape="rect" href="$classTiXmlNode.html#a66f4ebcd175204a168ed7c2d7b43071" title="TiXmlNode::GetDocument" alt="" coords="228,576,415,603">
<area shape="rect" href="$classTiXmlBase.html#f56296d561c0bab4bc8e198cdcf5c48e" title="TiXmlBase::IsWhiteSpace" alt="" coords="943,348,1121,375">
<area shape="rect" href="$classTiXmlAttribute.html#d62774421b814894b995af3b5d231dda" title="TiXmlAttribute::Parse" alt="" coords="244,196,399,223">
<area shape="rect" href="$classTiXmlBase.html#c0c3d66d8a9e6996a1fa016275e16875" title="TiXmlBase::SkipWhiteSpace" alt="" coords="696,323,893,349">
<area shape="rect" href="$classTiXmlBase.html#51631e6986179558b9e5850723ed165a" title="TiXmlBase::StringEqual" alt="" coords="711,525,879,552">
<area shape="rect" href="$classTiXmlDocument.html#735c23e318597b920c94eae77fa206de" title="TiXmlDocument::SetError" alt="" coords="464,69,648,96">
<area shape="rect" href="$classTiXmlParsingData.html#65cee8ab77a36c605db08c84b4c30a7d" title="TiXmlParsingData::Stamp" alt="" coords="703,272,887,299">
<area shape="rect" href="$classTiXmlAttribute.html#0f874490eac8ca00ee0070765d0e97e3" title="Return the value of this attribute." alt="" coords="244,627,399,653">
<area shape="rect" href="$classTiXmlNode.html#8a4cda4b15c29f64cff419309aebed08" title="Cast to a more defined type. Will return null if not of the requested type." alt="" coords="468,576,644,603">
<area shape="rect" href="$classTiXmlBase.html#1c21a6ab5f7b503acd91f35f183734b3" title="TiXmlBase::ReadName" alt="" coords="473,171,639,197">
<area shape="rect" href="$classTiXmlBase.html#a646c74921aa33156968b802bbf5566e" title="TiXmlBase::ReadText" alt="" coords="480,424,632,451">
<area shape="rect" href="$classTiXmlBase.html#e22522b2e8e1ac43102d16394f639fc8" title="TiXmlBase::IsAlpha" alt="" coords="724,221,865,248">
<area shape="rect" href="$classTiXmlBase.html#321919055c115c78ded17f85a793f368" title="TiXmlBase::IsAlphaNum" alt="" coords="709,171,880,197">
<area shape="rect" href="$classTiXmlBase.html#5b0fde72d6f662ae1fd6303195d2159b" title="TiXmlBase::GetChar" alt="" coords="721,424,868,451">
<area shape="rect" href="$classTiXmlBase.html#c5c08bf3deffcda0bf8ce2958372b584" title="TiXmlBase::GetEntity" alt="" coords="955,424,1109,451">
<area shape="rect" href="$classTiXmlBase.html#07c765e3a7f979d343e646ea797b180b" title="TiXmlBase::ConvertUTF32ToUTF8" alt="" coords="1172,424,1401,451">
<area shape="rect" href="$classTiXmlBase.html#799f17405a86a5c2029618e85f11a097" title="TiXmlBase::ToLower" alt="" coords="960,525,1104,552">
<area shape="rect" href="$structTiXmlCursor.html#1e6fa622b59dafb71b6efe595105dcdd" title="TiXmlCursor::Clear" alt="" coords="725,69,864,96">
