<area shape="rect" href="$Constante_8h.html" title="Définie les constantes du programme." alt="" coords="89,84,188,111">
<area shape="rect" href="$Gestion_8h.html" title="Classe de gestion des règles du jeu." alt="" coords="375,316,511,343">
<area shape="rect" href="$ObjetVolant_8h.html" title="Classe définissant un objet volant de manière générale." alt="" coords="365,161,512,188">
<area shape="rect" href="$Missile_8h.html" title="Classe gerant les missiles." alt="" coords="291,239,405,265">
<area shape="rect" href="$Vaisseau_8h.html" title="Classe Vaisseau." alt="" coords="480,239,611,265">
<area shape="rect" href="$Droite_8h.html" title="Classe gerant les droites." alt="" coords="571,84,683,111">
<area shape="rect" href="$Sol_8h.html" title="Classe gerant le sol." alt="" coords="707,84,819,111">
<area shape="rect" href="$Silo_8h.html" title="Classe gerant le silo." alt="" coords="843,84,957,111">
<area shape="rect" href="$ScoreServeur_8h.html" title="Classe de gestion des scores (au niveau serveur)." alt="" coords="5,161,216,188">
