<area shape="rect" href="$fenetre_8h.html" title="fenetre.h" alt="" coords="564,84,644,111">
<area shape="rect" href="$ObjetVolant_8h.html" title="Classe définissant un objet volant de manière générale." alt="" coords="691,316,851,343">
<area shape="rect" href="$Gestion_8h.html" title="Classe de gestion des règles du jeu." alt="" coords="531,161,677,188">
<area shape="rect" href="$Sol_8h.html" title="Classe gerant le sol." alt="" coords="264,316,317,343">
<area shape="rect" href="$Constante_8h.html" title="Définie les constantes du programme." alt="" coords="883,161,995,188">
<area shape="rect" href="$Silo_8h.html" title="Classe gerant le silo." alt="" coords="97,316,153,343">
<area shape="rect" href="$Coordonnees_8h.html" title="Classe gerant les coordonnees des objets." alt="" coords="609,471,780,497">
<area shape="rect" href="$Droite_8h.html" title="Classe gerant les droites." alt="" coords="880,393,952,420">
<area shape="rect" href="$Affichable_8h.html" title="Interface pour tous les objets affichables dans la fenetre." alt="" coords="195,393,363,420">
<area shape="rect" href="$Missile_8h.html" title="Classe gerant les missiles." alt="" coords="621,239,749,265">
<area shape="rect" href="$Vaisseau_8h.html" title="Classe Vaisseau." alt="" coords="456,239,597,265">
