<area shape="rect" href="$Gestion_8h.html" title="Classe de gestion des règles du jeu." alt="" coords="263,84,409,111">
<area shape="rect" href="$Sol_8h.html" title="Classe gerant le sol." alt="" coords="708,239,761,265">
<area shape="rect" href="$Constante_8h.html" title="Définie les constantes du programme." alt="" coords="33,84,145,111">
<area shape="rect" href="$Silo_8h.html" title="Classe gerant le silo." alt="" coords="793,239,849,265">
<area shape="rect" href="$Coordonnees_8h.html" title="Classe gerant les coordonnees des objets." alt="" coords="164,393,335,420">
<area shape="rect" href="$ObjetVolant_8h.html" title="Classe définissant un objet volant de manière générale." alt="" coords="136,239,296,265">
<area shape="rect" href="$Droite_8h.html" title="Classe gerant les droites." alt="" coords="33,316,105,343">
<area shape="rect" href="$Affichable_8h.html" title="Interface pour tous les objets affichables dans la fenetre." alt="" coords="573,316,741,343">
<area shape="rect" href="$Missile_8h.html" title="Classe gerant les missiles." alt="" coords="272,161,400,188">
<area shape="rect" href="$Vaisseau_8h.html" title="Classe Vaisseau." alt="" coords="424,161,565,188">
