<area shape="rect" href="$fenetre_8h.html" title="Interface/fenetre.h" alt="" coords="507,84,645,111">
<area shape="rect" href="$Gestion_8h.html" title="Classe de gestion des règles du jeu." alt="" coords="503,161,649,188">
<area shape="rect" href="$Sol_8h.html" title="Classe gerant le sol." alt="" coords="151,316,204,343">
<area shape="rect" href="$Constante_8h.html" title="Définie les constantes du programme." alt="" coords="819,161,931,188">
<area shape="rect" href="$Silo_8h.html" title="Classe gerant le silo." alt="" coords="251,316,307,343">
<area shape="rect" href="$Coordonnees_8h.html" title="Classe gerant les coordonnees des objets." alt="" coords="593,471,764,497">
<area shape="rect" href="$ObjetVolant_8h.html" title="Classe définissant un objet volant de manière générale." alt="" coords="605,316,765,343">
<area shape="rect" href="$Droite_8h.html" title="Classe gerant les droites." alt="" coords="891,393,963,420">
<area shape="rect" href="$Affichable_8h.html" title="Interface pour tous les objets affichables dans la fenetre." alt="" coords="195,393,363,420">
<area shape="rect" href="$Missile_8h.html" title="Classe gerant les missiles." alt="" coords="784,239,912,265">
<area shape="rect" href="$Vaisseau_8h.html" title="Classe Vaisseau." alt="" coords="568,239,709,265">
