<area shape="rect" href="$classScoreClient.html#97f4206e07b89be2f3262794a9ec3ba8" title="Gère tout le processus d&#39;envoie du score du joueur sur le serveur, puis affiche..." alt="" coords="107,157,315,184">
<area shape="rect" href="$classScoreClient.html#00e874550fd505994fce51d496168aa7" title="ScoreClient::envoiScore" alt="" coords="404,107,577,133">
<area shape="rect" href="$classScoreClient.html#a8bbf508bb5c8d8e67a71509ba940f3f" title="ScoreClient::recuperationNomJoueur" alt="" coords="364,157,617,184">
<area shape="rect" href="$classScoreClient.html#6ce99ba1b8df8a9f2db4f7211f9690a3" title="ScoreClient::recuperationTop" alt="" coords="389,208,592,235">
<area shape="rect" href="$classScoreClient.html#731b36216155f5e49cf2c4636d17adad" title="ScoreClient::ecrire" alt="" coords="687,31,825,57">
<area shape="rect" href="$classTiXmlNode.html#1a881212554b759865f6cac79a851d38" title="TiXmlNode::LinkEndChild" alt="" coords="668,81,844,108">
<area shape="rect" href="$classScoreClient.html#0bb47f6ae677dd0b9498d06c98ba4ccc" title="ScoreClient::lire" alt="" coords="696,132,816,159">
<area shape="rect" href="$classTiXmlDocument.html#f08389ec70ee9b2de7f800e206a18510" title="TiXmlDocument::Print" alt="" coords="676,183,836,209">
<area shape="rect" href="$classTiXmlNode.html#a66f4ebcd175204a168ed7c2d7b43071" title="TiXmlNode::GetDocument" alt="" coords="895,19,1081,45">
<area shape="rect" href="$classTiXmlDocument.html#735c23e318597b920c94eae77fa206de" title="TiXmlDocument::SetError" alt="" coords="896,81,1080,108">
<area shape="rect" href="$classTiXmlNode.html#57b99d5c97d67a42b9752f5210a1ba5e" title="TiXmlNode::Type" alt="" coords="925,132,1051,159">
<area shape="rect" href="$classTiXmlNode.html#8a4cda4b15c29f64cff419309aebed08" title="Cast to a more defined type. Will return null if not of the requested type." alt="" coords="1135,5,1311,32">
<area shape="rect" href="$structTiXmlCursor.html#1e6fa622b59dafb71b6efe595105dcdd" title="TiXmlCursor::Clear" alt="" coords="1153,56,1292,83">
<area shape="rect" href="$classTiXmlParsingData.html#56908a17d7d7a6b2e511e62cf1d40d05" title="TiXmlParsingData::Cursor" alt="" coords="1132,107,1313,133">
<area shape="rect" href="$classTiXmlParsingData.html#65cee8ab77a36c605db08c84b4c30a7d" title="TiXmlParsingData::Stamp" alt="" coords="1131,157,1315,184">
