<area shape="rect" href="$tinyxml_8h.html" title="TinyXml/tinyxml.h" alt="" coords="640,84,771,111">
<area shape="rect" href="$tinystr_8cpp.html" title="TinyXml/tinystr.cpp" alt="" coords="795,84,933,111">
<area shape="rect" href="$ScoreClient_8h.html" title="ScoreClient/ScoreClient.h" alt="" coords="189,161,373,188">
<area shape="rect" href="$ScoreServeur_8h.html" title="Classe de gestion des scores (au niveau serveur)." alt="" coords="397,161,608,188">
<area shape="rect" href="$tinyxml_8cpp.html" title="TinyXml/tinyxml.cpp" alt="" coords="632,161,779,188">
<area shape="rect" href="$tinyxmlerror_8cpp.html" title="TinyXml/tinyxmlerror.cpp" alt="" coords="803,161,979,188">
<area shape="rect" href="$tinyxmlparser_8cpp.html" title="TinyXml/tinyxmlparser.cpp" alt="" coords="1003,161,1189,188">
<area shape="rect" href="$ScoreClient_2main_8cpp.html" title="ScoreClient/main.cpp" alt="" coords="5,239,163,265">
<area shape="rect" href="$ScoreClient_8cpp.html" title="ScoreClient/ScoreClient.cpp" alt="" coords="187,239,384,265">
<area shape="rect" href="$ScoreServeur_2main_8cpp.html" title="ScoreServeur/main.cpp" alt="" coords="415,239,585,265">
<area shape="rect" href="$ScoreServeur_8cpp.html" title="ScoreServeur/ScoreServeur.cpp" alt="" coords="609,239,833,265">
